============================= test session starts =============================
platform win32 -- Python 3.13.11, pytest-8.3.3, pluggy-1.6.0 -- C:\Users\USER\.gemini\antigravity\scratch\mcp-python-auditor\.venv\Scripts\python.exe
cachedir: .pytest_cache
rootdir: C:\Users\USER\.gemini\antigravity\scratch\mcp-python-auditor
configfile: pyproject.toml
testpaths: tests
plugins: anyio-4.12.1, asyncio-0.24.0, cov-5.0.0
asyncio: mode=Mode.STRICT, default_loop_scope=None
collecting ... collected 102 items / 2 errors

=================================== ERRORS ====================================
__________________ ERROR collecting tests/test_tool_fixes.py __________________
ImportError while importing test module 'C:\Users\USER\.gemini\antigravity\scratch\mcp-python-auditor\tests\test_tool_fixes.py'.
Hint: make sure your test modules/packages have valid Python names.
Traceback:
..\..\..\..\miniconda3\Lib\importlib\__init__.py:88: in import_module
    return _bootstrap._gcd_import(name[level:], package, level)
tests\test_tool_fixes.py:7: in <module>
    from app.tools.security_tool import SecurityTool
E   ModuleNotFoundError: No module named 'app.tools.security_tool'
____________________ ERROR collecting tests/test_tools.py _____________________
ImportError while importing test module 'C:\Users\USER\.gemini\antigravity\scratch\mcp-python-auditor\tests\test_tools.py'.
Hint: make sure your test modules/packages have valid Python names.
Traceback:
..\..\..\..\miniconda3\Lib\importlib\__init__.py:88: in import_module
    return _bootstrap._gcd_import(name[level:], package, level)
tests\test_tools.py:8: in <module>
    from app.tools.efficiency_tool import EfficiencyTool
E   ModuleNotFoundError: No module named 'app.tools.efficiency_tool'
=========================== short test summary info ===========================
ERROR tests/test_tool_fixes.py
ERROR tests/test_tools.py
!!!!!!!!!!!!!!!!!!! Interrupted: 2 errors during collection !!!!!!!!!!!!!!!!!!!
============================== 2 errors in 1.58s ==============================
